// Jest Snapshot v1, https://goo.gl/fbAQLP

exports[`Renders correctly 1`] = `
<section>
  <div
    className="header"
  >
    <div
      className="logo"
    >
      <a
        className=""
        onClick={[Function]}
        style={Object {}}
        title="Home"
      >
        <img
          alt="Logo"
          className="Nopa"
          src={
            Object {
              "process": [Function],
            }
          }
        />
      </a>
    </div>
    <div>
      <div
        className="header__transactions"
      >
        <div
          className=""
        >
          <a
            className="button"
            onClick={[Function]}
            style={Object {}}
          >
            Transactions
          </a>
        </div>
      </div>
      <div
        className="header__signin"
      >
        <div
          className=""
        >
          <a
            className="button"
            onClick={[Function]}
            style={Object {}}
          >
            Log In
          </a>
        </div>
      </div>
    </div>
  </div>
  <div
    className="layout"
  >
    <div
      className="main-content"
    >
      <h1>
        Which bank does this account belong to?
      </h1>
      <p>
        Track all of your payments by connecting as many bank accounts as you'd
        <br />
        like to your Nopa account and get updates on your balance instantly. Plus it's free.
      </p>
      <form
        onSubmit={[Function]}
      >
        <div
          className="form-input"
        >
          <label
            htmlFor="surname"
          >
            Surname
          </label>
          <input
            data-error={null}
            id="surname"
            name="surname"
            onBlur={[Function]}
            placeholder="Surname"
            type={undefined}
          />
          
        </div>
        <div
          className="form-input"
        >
          <label
            htmlFor="sortCode"
          >
            Sort code
          </label>
          <input
            data-error={null}
            id="sortCode"
            name="sortCode"
            onBlur={[Function]}
            placeholder="Sort code"
            type={undefined}
          />
          
        </div>
        <div
          className="form-input"
        >
          <label
            htmlFor="accountNumber"
          >
            Account number
          </label>
          <input
            data-error={null}
            id="accountNumber"
            name="accountNumber"
            onBlur={[Function]}
            placeholder="Account number"
            type={undefined}
          />
          
        </div>
        <div
          className="form-input"
        >
          <label
            htmlFor="passCode"
          >
            Pass code
          </label>
          <input
            data-error={null}
            id="passCode"
            name="passCode"
            onBlur={[Function]}
            placeholder="Pass code"
            type={undefined}
          />
          
        </div>
        <div
          className="form-input"
        >
          <label
            htmlFor="memorableWord"
          >
            Memorable Word
          </label>
          <input
            data-error={null}
            id="memorableWord"
            name="memorableWord"
            onBlur={[Function]}
            placeholder="Memorable Word"
            type={undefined}
          />
          
        </div>
        <input
          className="button"
          type="submit"
          value="Login & connect"
        />
      </form>
    </div>
  </div>
  <section
    className="partners"
  >
    <div>
      <span>
        Our partners:
      </span>
    </div>
    <div>
      <div>
        <img
          alt="Airbnb"
          className="Nopa"
          src={
            Object {
              "process": [Function],
            }
          }
        />
      </div>
      <div>
        <img
          alt="Metro"
          className="Nopa"
          src={
            Object {
              "process": [Function],
            }
          }
        />
      </div>
      <div>
        <img
          alt="Pariti"
          className="Nopa"
          src={
            Object {
              "process": [Function],
            }
          }
        />
      </div>
      <div>
        <img
          alt="Unshackled"
          className="Nopa"
          src={
            Object {
              "process": [Function],
            }
          }
        />
      </div>
    </div>
  </section>
  <footer
    className="footer"
  >
    <div>
      <p>
        © Nopa Limited 2017 All rights reserved. ‘Nopa’ and the Nopa logo are trade marks of Nopa Limited. Nopa is a member of CIFAS - the UK's leading anti-fraud association, and we are registered with the Office of the Information Commissioner (No. Z879078).
      </p>
      <p>
        Nopa Limited is incorporated in England & Wales (registration number 05197592), with its registered office at 1st Floor, Cottons Centre, Tooley Street, London, SE1 2QG. Nopa Limited is authorised and regulated by the Financial Conduct Authority, and entered on the Financial Services Register under firm registration number 563134.
      </p>
    </div>
  </footer>
</section>
`;
