// Jest Snapshot v1, https://goo.gl/fbAQLP

exports[`Renders correctly 1`] = `
<section>
  <div
    className="header"
  >
    <div
      className="logo"
    >
      <a
        className=""
        onClick={[Function]}
        style={Object {}}
        title="Home"
      >
        <img
          alt="Logo"
          className="Nopa"
          src={
            Object {
              "process": [Function],
            }
          }
        />
      </a>
    </div>
    <div
      className="signin"
    >
      <div
        className=""
      >
        <a
          className="button"
          onClick={[Function]}
          style={Object {}}
        >
          Log In
        </a>
      </div>
    </div>
  </div>
  <div
    className="layout"
  >
    <div>
      <h1>
        Page not found!
      </h1>
      <div>
        This page is either no longer available or you have entered a wrong path.
      </div>
    </div>
  </div>
  <section
    className="partners"
  >
    <div>
      <span>
        Our partners:
      </span>
    </div>
    <div>
      <div>
        <img
          alt="Airbnb"
          className="Nopa"
          src={
            Object {
              "process": [Function],
            }
          }
        />
      </div>
      <div>
        <img
          alt="Metro"
          className="Nopa"
          src={
            Object {
              "process": [Function],
            }
          }
        />
      </div>
      <div>
        <img
          alt="Pariti"
          className="Nopa"
          src={
            Object {
              "process": [Function],
            }
          }
        />
      </div>
      <div>
        <img
          alt="Unshackled"
          className="Nopa"
          src={
            Object {
              "process": [Function],
            }
          }
        />
      </div>
    </div>
  </section>
  <footer
    className="footer"
  >
    <div>
      <p>
        © Nopa Limited 2017 All rights reserved. ‘Nopa’ and the Nopa logo are trade marks of Nopa Limited. Nopa is a member of CIFAS - the UK's leading anti-fraud association, and we are registered with the Office of the Information Commissioner (No. Z879078).
      </p>
      <p>
        Nopa Limited is incorporated in England & Wales (registration number 05197592), with its registered office at 1st Floor, Cottons Centre, Tooley Street, London, SE1 2QG. Nopa Limited is authorised and regulated by the Financial Conduct Authority, and entered on the Financial Services Register under firm registration number 563134.
      </p>
    </div>
  </footer>
</section>
`;
